
> admin@0.0.0 build
> vite build

[36mvite v8.1.0 [32mbuilding client environment for production...[36m[39m
[2K
transforming...Γ£ô 670 modules transformed.
node.exe : [31mΓ£ù[39m Build failed in 1.02s
At line:1 char:1
+ & "C:\Program Files\nodejs/node.exe" "C:\Program Files\nodejs/node_mo ...
+ ~~~~~~~~~~~~~~~~~~~~~~~~~~~~~~~~~~~~~~~~~~~~~~~~~~~~~~~~~~~~~~~~~~~~~
    + CategoryInfo          : NotSpecified: ([31mΓ£ù[39m Build failed in 1.02s:String) [], RemoteException
    + FullyQualifiedErrorId : NativeCommandError
 
[31merror during build:
[31mBuild failed with 34 errors:

[31m[UNRESOLVED_IMPORT] [0mCould not resolve '../components/Sidebar' in src/pages/OrderDetails.jsx
   [38;5;246mΓò¡[0m[38;5;246mΓöÇ[0m[38;5;246m[[0m src/pages/OrderDetails.jsx:9:21 [38;5;246m][0m
   [38;5;246mΓöé[0m
 [38;5;246m9 Γöé[0m 
[38;5;249mi[0m[38;5;249mm[0m[38;5;249mp[0m[38;5;249mo[0m[38;5;249mr[0m[38;5;249mt[0m[38;5;249m [0m[38;5;
249mS[0m[38;5;249mi[0m[38;5;249md[0m[38;5;249me[0m[38;5;249mb[0m[38;5;249ma[0m[38;5;249mr[0m[38;5;249m 
[0m[38;5;249mf[0m[38;5;249mr[0m[38;5;249mo[0m[38;5;249mm[0m[38;5;249m 
[0m"../components/Sidebar"[38;5;249m;[0m
 [38;5;240m  Γöé[0m                     ΓöÇΓöÇΓöÇΓöÇΓöÇΓöÇΓöÇΓöÇΓöÇΓöÇΓöÇΓö¼ΓöÇΓöÇΓöÇΓöÇΓöÇΓöÇΓöÇΓöÇΓöÇΓöÇΓöÇ  
 [38;5;240m  Γöé[0m                                Γò░ΓöÇΓöÇΓöÇΓöÇΓöÇΓöÇΓöÇΓöÇΓöÇΓöÇΓöÇΓöÇΓöÇ Module not found.
 [38;5;240m  Γöé[0m 
 [38;5;240m  Γöé[0m [38;5;115mHelp[0m: 'src/pages/OrderDetails.jsx' is imported by the following path:
 [38;5;240m  Γöé[0m         - src/pages/OrderDetails.jsx
 [38;5;240m  Γöé[0m         - src/App.jsx
 [38;5;240m  Γöé[0m         - src/main.jsx
 [38;5;240m  Γöé[0m         - index.html
[38;5;246mΓöÇΓöÇΓöÇΓò»[0m

[31m[UNRESOLVED_IMPORT] [0mCould not resolve '../components/Navbar' in src/pages/OrderDetails.jsx
    [38;5;246mΓò¡[0m[38;5;246mΓöÇ[0m[38;5;246m[[0m src/pages/OrderDetails.jsx:10:20 [38;5;246m][0m
    [38;5;246mΓöé[0m
 [38;5;246m10 Γöé[0m 
[38;5;249mi[0m[38;5;249mm[0m[38;5;249mp[0m[38;5;249mo[0m[38;5;249mr[0m[38;5;249mt[0m[38;5;249m 
[0m[38;5;249mN[0m[38;5;249ma[0m[38;5;249mv[0m[38;5;249mb[0m[38;5;249ma[0m[38;5;249mr[0m[38;5;249m 
[0m[38;5;249mf[0m[38;5;249mr[0m[38;5;249mo[0m[38;5;249mm[0m[38;5;249m 
[0m"../components/Navbar"[38;5;249m;[0m
 [38;5;240m   Γöé[0m                    ΓöÇΓöÇΓöÇΓöÇΓöÇΓöÇΓöÇΓöÇΓöÇΓöÇΓöÇΓö¼ΓöÇΓöÇΓöÇΓöÇΓöÇΓöÇΓöÇΓöÇΓöÇΓöÇ  
 [38;5;240m   Γöé[0m                               Γò░ΓöÇΓöÇΓöÇΓöÇΓöÇΓöÇΓöÇΓöÇΓöÇΓöÇΓöÇΓöÇ Module not found.
 [38;5;240m   Γöé[0m 
 [38;5;240m   Γöé[0m [38;5;115mHelp[0m: 'src/pages/OrderDetails.jsx' is imported by the following path:
 [38;5;240m   Γöé[0m         - src/pages/OrderDetails.jsx
 [38;5;240m   Γöé[0m         - src/App.jsx
 [38;5;240m   Γöé[0m         - src/main.jsx
 [38;5;240m   Γöé[0m         - index.html
[38;5;246mΓöÇΓöÇΓöÇΓöÇΓò»[0m

[31m[UNRESOLVED_IMPORT] [0mCould not resolve '../components/DeleteConfirm' in src/pages/Categories.jsx
   [38;5;246mΓò¡[0m[38;5;246mΓöÇ[0m[38;5;246m[[0m src/pages/Categories.jsx:4:27 [38;5;246m][0m
   [38;5;246mΓöé[0m
 [38;5;246m4 Γöé[0m 
[38;5;249mi[0m[38;5;249mm[0m[38;5;249mp[0m[38;5;249mo[0m[38;5;249mr[0m[38;5;249mt[0m[38;5;249m [0m[38;5;
249mD[0m[38;5;249me[0m[38;5;249ml[0m[38;5;249me[0m[38;5;249mt[0m[38;5;249me[0m[38;5;249mC[0m[38;5;249mo[
0m[38;5;249mn[0m[38;5;249mf[0m[38;5;249mi[0m[38;5;249mr[0m[38;5;249mm[0m[38;5;249m 
[0m[38;5;249mf[0m[38;5;249mr[0m[38;5;249mo[0m[38;5;249mm[0m[38;5;249m 
[0m"../components/DeleteConfirm"[38;5;249m;[0m
 [38;5;240m  Γöé[0m                           
ΓöÇΓöÇΓöÇΓöÇΓöÇΓöÇΓöÇΓöÇΓöÇΓöÇΓöÇΓöÇΓöÇΓöÇΓö¼ΓöÇΓöÇΓöÇΓöÇΓöÇΓöÇΓöÇΓöÇΓöÇΓöÇΓöÇΓöÇΓöÇΓöÇ  
 [38;5;240m  Γöé[0m                                         Γò░ΓöÇΓöÇΓöÇΓöÇΓöÇΓöÇΓöÇΓöÇΓöÇΓöÇΓöÇΓöÇΓöÇΓöÇΓöÇΓöÇ 
Module not found.
 [38;5;240m  Γöé[0m 
 [38;5;240m  Γöé[0m [38;5;115mHelp[0m: 'src/pages/Categories.jsx' is imported by the following path:
 [38;5;240m  Γöé[0m         - src/pages/Categories.jsx
 [38;5;240m  Γöé[0m         - src/App.jsx
 [38;5;240m  Γöé[0m         - src/main.jsx
 [38;5;240m  Γöé[0m         - index.html
[38;5;246mΓöÇΓöÇΓöÇΓò»[0m

[31m[UNRESOLVED_IMPORT] [0mCould not resolve '../components/LegalPage' in src/pages/CustomerTerms.jsx
   [38;5;246mΓò¡[0m[38;5;246mΓöÇ[0m[38;5;246m[[0m src/pages/CustomerTerms.jsx:1:23 [38;5;246m][0m
   [38;5;246mΓöé[0m
 [38;5;246m1 Γöé[0m 
[38;5;249mi[0m[38;5;249mm[0m[38;5;249mp[0m[38;5;249mo[0m[38;5;249mr[0m[38;5;249mt[0m[38;5;249m [0m[38;5;
249mL[0m[38;5;249me[0m[38;5;249mg[0m[38;5;249ma[0m[38;5;249ml[0m[38;5;249mP[0m[38;5;249ma[0m[38;5;249mg[
0m[38;5;249me[0m[38;5;249m [0m[38;5;249mf[0m[38;5;249mr[0m[38;5;249mo[0m[38;5;249mm[0m[38;5;249m 
[0m"../components/LegalPage"[38;5;249m;[0m
 [38;5;240m  Γöé[0m                       
ΓöÇΓöÇΓöÇΓöÇΓöÇΓöÇΓöÇΓöÇΓöÇΓöÇΓöÇΓöÇΓö¼ΓöÇΓöÇΓöÇΓöÇΓöÇΓöÇΓöÇΓöÇΓöÇΓöÇΓöÇΓöÇ  
 [38;5;240m  Γöé[0m                                   Γò░ΓöÇΓöÇΓöÇΓöÇΓöÇΓöÇΓöÇΓöÇΓöÇΓöÇΓöÇΓöÇΓöÇΓöÇ Module not found.
 [38;5;240m  Γöé[0m 
 [38;5;240m  Γöé[0m [38;5;115mHelp[0m: 'src/pages/CustomerTerms.jsx' is imported by the following path:
 [38;5;240m  Γöé[0m         - src/pages/CustomerTerms.jsx
 [38;5;240m  Γöé[0m         - src/App.jsx
 [38;5;240m  Γöé[0m         - src/main.jsx
 [38;5;240m  Γöé[0m         - index.html
[38;5;246mΓöÇΓöÇΓöÇΓò»[0m

[31m[UNRESOLVED_IMPORT] [0mCould not resolve '../components/LegalPage' in src/pages/CustomerRefund.jsx
   [38;5;246mΓò¡[0m[38;5;246mΓöÇ[0m[38;5;246m[[0m src/pages/CustomerRefund.jsx:1:23 [38;5;246m][0m
   [38;5;246mΓöé[0m
 [38;5;246m1 Γöé[0m 
[38;5;249mi[0m[38;5;249mm[0m[38;5;249mp[0m[38;5;249mo[0m[38;5;249mr[0m[38;5;249mt[0m[38;5;249m [0m[38;5;
249mL[0m[38;5;249me[0m[38;5;249mg[0m[38;5;249ma[0m[38;5;249ml[0m[38;5;249mP[0m[38;5;249ma[0m[38;5;249mg[
0m[38;5;249me[0m[38;5;249m [0m[38;5;249mf[0m[38;5;249mr[0m[38;5;249mo[0m[38;5;249mm[0m[38;5;249m 
[0m"../components/LegalPage"[38;5;249m;[0m
 [38;5;240m  Γöé[0m                       
ΓöÇΓöÇΓöÇΓöÇΓöÇΓöÇΓöÇΓöÇΓöÇΓöÇΓöÇΓöÇΓö¼ΓöÇΓöÇΓöÇΓöÇΓöÇΓöÇΓöÇΓöÇΓöÇΓöÇΓöÇΓöÇ  
 [38;5;240m  Γöé[0m                                   Γò░ΓöÇΓöÇΓöÇΓöÇΓöÇΓöÇΓöÇΓöÇΓöÇΓöÇΓöÇΓöÇΓöÇΓöÇ Module not found.
 [38;5;240m  Γöé[0m 
 [38;5;240m  Γöé[0m [38;5;115mHelp[0m: 'src/pages/CustomerRefund.jsx' is imported by the following path:
 [38;5;240m  Γöé[0m         - src/pages/CustomerRefund.jsx
 [38;5;240m  Γöé[0m         - src/App.jsx
 [38;5;240m  Γöé[0m         - src/main.jsx
 [38;5;240m  Γöé[0m         - index.html
[38;5;246mΓöÇΓöÇΓöÇΓò»[0m

...[31m
    at aggregateBindingErrorsIntoJsError (file:///C:/Users/jashwanth/Downloads/simple-app-update-25-06/web/node_modules
/rolldown/dist/shared/error-B68YLzl3.mjs:48:18)
    at unwrapBindingResult (file:///C:/Users/jashwanth/Downloads/simple-app-update-25-06/web/node_modules/rolldown/dist
/shared/error-B68YLzl3.mjs:18:128)
    at #build (file:///C:/Users/jashwanth/Downloads/simple-app-update-25-06/web/node_modules/rolldown/dist/shared/rolld
own-build-DR0wzp0V.mjs:3256:34)
    at async buildEnvironment 
(file:///C:/Users/jashwanth/Downloads/simple-app-update-25-06/web/node_modules/vite/dist/node/chunks/node.js:32575:66)
    at async Object.build 
(file:///C:/Users/jashwanth/Downloads/simple-app-update-25-06/web/node_modules/vite/dist/node/chunks/node.js:32997:19)
    at async Object.buildApp 
(file:///C:/Users/jashwanth/Downloads/simple-app-update-25-06/web/node_modules/vite/dist/node/chunks/node.js:32994:153)
    at async CAC.<anonymous> 
(file:///C:/Users/jashwanth/Downloads/simple-app-update-25-06/web/node_modules/vite/dist/node/cli.js:777:3) {
  errors: [Getter/Setter]
}[39m
